<?xml version="1.0" encoding="UTF-8"?>
<TestRun id="1c1e0f7a-72af-444b-bcaa-f9555182cfa3" name="access@I5 2011-07-05 08:37:16" runUser="i5\access" xmlns="http://microsoft.com/schemas/VisualStudio/TeamTest/2010">
  <TestSettings name="Local" id="c2210462-1db2-45f6-a804-84f20b4f0f7e">
    <Description>These are default test settings for a local test run.</Description>
    <Deployment enabled="false" runDeploymentRoot="access_I5 2011-07-05 08_37_16">
      <DeploymentItem filename="C:\src\silverlight\Solution\3p\Microsoft.Practices.Unity.dll" />
      <DeploymentItem filename="C:\src\silverlight\Solution\NPVCalculator.Services\bin\NPVCalculator.Services.dll" />
    </Deployment>
    <Execution>
      <TestTypeSpecific />
      <AgentRule name="Execution Agents">
      </AgentRule>
    </Execution>
  </TestSettings>
  <Times creation="2011-07-05T08:37:16.2609309+10:00" queuing="2011-07-05T08:37:17.5100023+10:00" start="2011-07-05T08:37:17.5710058+10:00" finish="2011-07-05T08:37:17.9440272+10:00" />
  <ResultSummary outcome="Completed">
    <Counters total="5" executed="5" passed="5" error="0" failed="0" timeout="0" aborted="0" inconclusive="0" passedButRunAborted="0" notRunnable="0" notExecuted="0" disconnected="0" warning="0" completed="0" inProgress="0" pending="0" />
  </ResultSummary>
  <TestDefinitions>
    <UnitTest name="TestCalculateCashflowSeriesNPVSumsValues" storage="c:\src\silverlight\solution\npvcalculatorservicetests\bin\debug\npvcalculatorservicetests.dll" id="b6f802c6-a418-4c76-2621-e5f694d89dbf">
      <Execution id="0e00c5c4-e7b7-402a-b0e4-b7027071da9d" />
      <TestMethod codeBase="C:/src/silverlight/Solution/NPVCalculatorServiceTests/bin/Debug/NPVCalculatorServiceTests.DLL" adapterTypeName="Microsoft.VisualStudio.TestTools.TestTypes.Unit.UnitTestAdapter, Microsoft.VisualStudio.QualityTools.Tips.UnitTest.Adapter, Version=10.0.0.0, Culture=neutral, PublicKeyToken=b03f5f7f11d50a3a" className="NPVCalculatorServiceTests.CalculationServiceTests, NPVCalculatorServiceTests, Version=1.0.0.0, Culture=neutral, PublicKeyToken=null" name="TestCalculateCashflowSeriesNPVSumsValues" />
    </UnitTest>
    <UnitTest name="TestCalculateSingleCashflowNPV" storage="c:\src\silverlight\solution\npvcalculatorservicetests\bin\debug\npvcalculatorservicetests.dll" id="11b14880-173d-3ba7-3759-82c9b789b18c">
      <Execution id="4647bfcf-dfdd-4c72-a17c-0793a055f126" />
      <TestMethod codeBase="C:/src/silverlight/Solution/NPVCalculatorServiceTests/bin/Debug/NPVCalculatorServiceTests.DLL" adapterTypeName="Microsoft.VisualStudio.TestTools.TestTypes.Unit.UnitTestAdapter, Microsoft.VisualStudio.QualityTools.Tips.UnitTest.Adapter, Version=10.0.0.0, Culture=neutral, PublicKeyToken=b03f5f7f11d50a3a" className="NPVCalculatorServiceTests.CalculationServiceTests, NPVCalculatorServiceTests, Version=1.0.0.0, Culture=neutral, PublicKeyToken=null" name="TestCalculateSingleCashflowNPV" />
    </UnitTest>
    <UnitTest name="TestSetupNPVRangeCalculationReturnCorrectNumberOfCalculations" storage="c:\src\silverlight\solution\npvcalculatorservicetests\bin\debug\npvcalculatorservicetests.dll" id="4c83c891-d105-90cc-9192-b381e987570a">
      <Execution id="bdc3e65d-da1f-4a3f-845a-e638e9359031" />
      <TestMethod codeBase="C:/src/silverlight/Solution/NPVCalculatorServiceTests/bin/Debug/NPVCalculatorServiceTests.DLL" adapterTypeName="Microsoft.VisualStudio.TestTools.TestTypes.Unit.UnitTestAdapter, Microsoft.VisualStudio.QualityTools.Tips.UnitTest.Adapter, Version=10.0.0.0, Culture=neutral, PublicKeyToken=b03f5f7f11d50a3a" className="NPVCalculatorServiceTests.CalculationServiceTests, NPVCalculatorServiceTests, Version=1.0.0.0, Culture=neutral, PublicKeyToken=null" name="TestSetupNPVRangeCalculationReturnCorrectNumberOfCalculations" />
    </UnitTest>
    <UnitTest name="TestSetupNPVRangeCalculationStoresState" storage="c:\src\silverlight\solution\npvcalculatorservicetests\bin\debug\npvcalculatorservicetests.dll" id="3075b142-6f3b-e8ca-19a4-27c29bfb23dd">
      <Execution id="f32d83d8-6202-40f3-a861-055ba4e24e77" />
      <TestMethod codeBase="C:/src/silverlight/Solution/NPVCalculatorServiceTests/bin/Debug/NPVCalculatorServiceTests.DLL" adapterTypeName="Microsoft.VisualStudio.TestTools.TestTypes.Unit.UnitTestAdapter, Microsoft.VisualStudio.QualityTools.Tips.UnitTest.Adapter, Version=10.0.0.0, Culture=neutral, PublicKeyToken=b03f5f7f11d50a3a" className="NPVCalculatorServiceTests.CalculationServiceTests, NPVCalculatorServiceTests, Version=1.0.0.0, Culture=neutral, PublicKeyToken=null" name="TestSetupNPVRangeCalculationStoresState" />
    </UnitTest>
    <UnitTest name="TestGetDate" storage="c:\src\silverlight\solution\npvcalculatorservicetests\bin\debug\npvcalculatorservicetests.dll" id="5e0d8c13-9e73-3bff-36f1-6f11593ac463">
      <Execution id="e44b2797-e291-4a67-a871-a59026862fca" />
      <TestMethod codeBase="C:/src/silverlight/Solution/NPVCalculatorServiceTests/bin/Debug/NPVCalculatorServiceTests.DLL" adapterTypeName="Microsoft.VisualStudio.TestTools.TestTypes.Unit.UnitTestAdapter, Microsoft.VisualStudio.QualityTools.Tips.UnitTest.Adapter, Version=10.0.0.0, Culture=neutral, PublicKeyToken=b03f5f7f11d50a3a" className="NPVCalculatorServiceTests.CalendarServiceTests, NPVCalculatorServiceTests, Version=1.0.0.0, Culture=neutral, PublicKeyToken=null" name="TestGetDate" />
    </UnitTest>
  </TestDefinitions>
  <TestLists>
    <TestList name="Results Not in a List" id="8c84fa94-04c1-424b-9868-57a2d4851a1d" />
    <TestList name="All Loaded Results" id="19431567-8539-422a-85d7-44ee4e166bda" />
  </TestLists>
  <TestEntries>
    <TestEntry testId="11b14880-173d-3ba7-3759-82c9b789b18c" executionId="4647bfcf-dfdd-4c72-a17c-0793a055f126" testListId="8c84fa94-04c1-424b-9868-57a2d4851a1d" />
    <TestEntry testId="3075b142-6f3b-e8ca-19a4-27c29bfb23dd" executionId="f32d83d8-6202-40f3-a861-055ba4e24e77" testListId="8c84fa94-04c1-424b-9868-57a2d4851a1d" />
    <TestEntry testId="4c83c891-d105-90cc-9192-b381e987570a" executionId="bdc3e65d-da1f-4a3f-845a-e638e9359031" testListId="8c84fa94-04c1-424b-9868-57a2d4851a1d" />
    <TestEntry testId="5e0d8c13-9e73-3bff-36f1-6f11593ac463" executionId="e44b2797-e291-4a67-a871-a59026862fca" testListId="8c84fa94-04c1-424b-9868-57a2d4851a1d" />
    <TestEntry testId="b6f802c6-a418-4c76-2621-e5f694d89dbf" executionId="0e00c5c4-e7b7-402a-b0e4-b7027071da9d" testListId="8c84fa94-04c1-424b-9868-57a2d4851a1d" />
  </TestEntries>
  <Results>
    <UnitTestResult executionId="4647bfcf-dfdd-4c72-a17c-0793a055f126" testId="11b14880-173d-3ba7-3759-82c9b789b18c" testName="TestCalculateSingleCashflowNPV" computerName="I5" duration="00:00:00.0461474" startTime="2011-07-05T08:37:17.5840066+10:00" endTime="2011-07-05T08:37:17.8780234+10:00" testType="13cdc9d9-ddb5-4fa4-a97d-d965ccfc6d4b" outcome="Passed" testListId="8c84fa94-04c1-424b-9868-57a2d4851a1d" relativeResultsDirectory="4647bfcf-dfdd-4c72-a17c-0793a055f126">
    </UnitTestResult>
    <UnitTestResult executionId="f32d83d8-6202-40f3-a861-055ba4e24e77" testId="3075b142-6f3b-e8ca-19a4-27c29bfb23dd" testName="TestSetupNPVRangeCalculationStoresState" computerName="I5" duration="00:00:00.0250447" startTime="2011-07-05T08:37:17.8790235+10:00" endTime="2011-07-05T08:37:17.9070251+10:00" testType="13cdc9d9-ddb5-4fa4-a97d-d965ccfc6d4b" outcome="Passed" testListId="8c84fa94-04c1-424b-9868-57a2d4851a1d" relativeResultsDirectory="f32d83d8-6202-40f3-a861-055ba4e24e77">
    </UnitTestResult>
    <UnitTestResult executionId="bdc3e65d-da1f-4a3f-845a-e638e9359031" testId="4c83c891-d105-90cc-9192-b381e987570a" testName="TestSetupNPVRangeCalculationReturnCorrectNumberOfCalculations" computerName="I5" duration="00:00:00.0014813" startTime="2011-07-05T08:37:17.9080251+10:00" endTime="2011-07-05T08:37:17.9120253+10:00" testType="13cdc9d9-ddb5-4fa4-a97d-d965ccfc6d4b" outcome="Passed" testListId="8c84fa94-04c1-424b-9868-57a2d4851a1d" relativeResultsDirectory="bdc3e65d-da1f-4a3f-845a-e638e9359031">
    </UnitTestResult>
    <UnitTestResult executionId="e44b2797-e291-4a67-a871-a59026862fca" testId="5e0d8c13-9e73-3bff-36f1-6f11593ac463" testName="TestGetDate" computerName="I5" duration="00:00:00.0015833" startTime="2011-07-05T08:37:17.9140255+10:00" endTime="2011-07-05T08:37:17.9180257+10:00" testType="13cdc9d9-ddb5-4fa4-a97d-d965ccfc6d4b" outcome="Passed" testListId="8c84fa94-04c1-424b-9868-57a2d4851a1d" relativeResultsDirectory="e44b2797-e291-4a67-a871-a59026862fca">
    </UnitTestResult>
    <UnitTestResult executionId="0e00c5c4-e7b7-402a-b0e4-b7027071da9d" testId="b6f802c6-a418-4c76-2621-e5f694d89dbf" testName="TestCalculateCashflowSeriesNPVSumsValues" computerName="I5" duration="00:00:00.0012695" startTime="2011-07-05T08:37:17.9190257+10:00" endTime="2011-07-05T08:37:17.9240260+10:00" testType="13cdc9d9-ddb5-4fa4-a97d-d965ccfc6d4b" outcome="Passed" testListId="8c84fa94-04c1-424b-9868-57a2d4851a1d" relativeResultsDirectory="0e00c5c4-e7b7-402a-b0e4-b7027071da9d">
    </UnitTestResult>
  </Results>
</TestRun>